<?xml version="1.0" encoding="UTF-8"?>
<testsuites name="jest tests" tests="4" failures="0" time="3.431">
  <testsuite name="undefined" errors="0" failures="0" skipped="0" timestamp="2022-04-12T13:39:40" time="2.576" tests="4">
    <testcase classname=" Add item to cart" name=" Add item to cart" time="0.043">
    </testcase>
    <testcase classname=" Update quantity in cart" name=" Update quantity in cart" time="0.028">
    </testcase>
    <testcase classname=" Remove item from cart" name=" Remove item from cart" time="0.015">
    </testcase>
    <testcase classname=" Performs Series of Actions" name=" Performs Series of Actions" time="0.036">
    </testcase>
  </testsuite>
</testsuites>